Archive member included to satisfy reference by file (symbol)

c:/program files/microchip/xc8/v2.41/avr/bin/../lib/gcc/avr/5.4.0/../../../../avr/lib/avr5/memx-const\libm.a(addsf3.o)
                              build/default/production/BJT.o (__subsf3)
c:/program files/microchip/xc8/v2.41/avr/bin/../lib/gcc/avr/5.4.0/../../../../avr/lib/avr5/memx-const\libm.a(addsf3x.o)
                              c:/program files/microchip/xc8/v2.41/avr/bin/../lib/gcc/avr/5.4.0/../../../../avr/lib/avr5/memx-const\libm.a(addsf3.o) (__addsf3x)
c:/program files/microchip/xc8/v2.41/avr/bin/../lib/gcc/avr/5.4.0/../../../../avr/lib/avr5/memx-const\libm.a(cmpsf2.o)
                              build/default/production/main.o (__ltsf2)
c:/program files/microchip/xc8/v2.41/avr/bin/../lib/gcc/avr/5.4.0/../../../../avr/lib/avr5/memx-const\libm.a(divsf3.o)
                              build/default/production/BJT.o (__divsf3)
c:/program files/microchip/xc8/v2.41/avr/bin/../lib/gcc/avr/5.4.0/../../../../avr/lib/avr5/memx-const\libm.a(divsf3x.o)
                              c:/program files/microchip/xc8/v2.41/avr/bin/../lib/gcc/avr/5.4.0/../../../../avr/lib/avr5/memx-const\libm.a(divsf3.o) (__divsf3x)
c:/program files/microchip/xc8/v2.41/avr/bin/../lib/gcc/avr/5.4.0/../../../../avr/lib/avr5/memx-const\libm.a(floatsisf.o)
                              build/default/production/main.o (__floatsisf)
c:/program files/microchip/xc8/v2.41/avr/bin/../lib/gcc/avr/5.4.0/../../../../avr/lib/avr5/memx-const\libm.a(fp_cmp.o)
                              c:/program files/microchip/xc8/v2.41/avr/bin/../lib/gcc/avr/5.4.0/../../../../avr/lib/avr5/memx-const\libm.a(cmpsf2.o) (__fp_cmp)
c:/program files/microchip/xc8/v2.41/avr/bin/../lib/gcc/avr/5.4.0/../../../../avr/lib/avr5/memx-const\libm.a(fp_inf.o)
                              c:/program files/microchip/xc8/v2.41/avr/bin/../lib/gcc/avr/5.4.0/../../../../avr/lib/avr5/memx-const\libm.a(addsf3x.o) (__fp_inf)
c:/program files/microchip/xc8/v2.41/avr/bin/../lib/gcc/avr/5.4.0/../../../../avr/lib/avr5/memx-const\libm.a(fp_nan.o)
                              c:/program files/microchip/xc8/v2.41/avr/bin/../lib/gcc/avr/5.4.0/../../../../avr/lib/avr5/memx-const\libm.a(addsf3x.o) (__fp_nan)
c:/program files/microchip/xc8/v2.41/avr/bin/../lib/gcc/avr/5.4.0/../../../../avr/lib/avr5/memx-const\libm.a(fp_pscA.o)
                              c:/program files/microchip/xc8/v2.41/avr/bin/../lib/gcc/avr/5.4.0/../../../../avr/lib/avr5/memx-const\libm.a(addsf3x.o) (__fp_pscA)
c:/program files/microchip/xc8/v2.41/avr/bin/../lib/gcc/avr/5.4.0/../../../../avr/lib/avr5/memx-const\libm.a(fp_pscB.o)
                              c:/program files/microchip/xc8/v2.41/avr/bin/../lib/gcc/avr/5.4.0/../../../../avr/lib/avr5/memx-const\libm.a(addsf3x.o) (__fp_pscB)
c:/program files/microchip/xc8/v2.41/avr/bin/../lib/gcc/avr/5.4.0/../../../../avr/lib/avr5/memx-const\libm.a(fp_round.o)
                              c:/program files/microchip/xc8/v2.41/avr/bin/../lib/gcc/avr/5.4.0/../../../../avr/lib/avr5/memx-const\libm.a(addsf3.o) (__fp_round)
c:/program files/microchip/xc8/v2.41/avr/bin/../lib/gcc/avr/5.4.0/../../../../avr/lib/avr5/memx-const\libm.a(fp_split3.o)
                              c:/program files/microchip/xc8/v2.41/avr/bin/../lib/gcc/avr/5.4.0/../../../../avr/lib/avr5/memx-const\libm.a(addsf3x.o) (__fp_split3)
c:/program files/microchip/xc8/v2.41/avr/bin/../lib/gcc/avr/5.4.0/../../../../avr/lib/avr5/memx-const\libm.a(fp_zero.o)
                              c:/program files/microchip/xc8/v2.41/avr/bin/../lib/gcc/avr/5.4.0/../../../../avr/lib/avr5/memx-const\libm.a(addsf3x.o) (__fp_zero)
c:/program files/microchip/xc8/v2.41/avr/bin/../lib/gcc/avr/5.4.0/../../../../avr/lib/avr5/memx-const\libm.a(gesf2.o)
                              build/default/production/main.o (__gtsf2)
c:/program files/microchip/xc8/v2.41/avr/bin/../lib/gcc/avr/5.4.0/../../../../avr/lib/avr5/memx-const\libm.a(mulsf3.o)
                              build/default/production/BJT.o (__mulsf3)
c:/program files/microchip/xc8/v2.41/avr/bin/../lib/gcc/avr/5.4.0/../../../../avr/lib/avr5/memx-const\libm.a(mulsf3x.o)
                              c:/program files/microchip/xc8/v2.41/avr/bin/../lib/gcc/avr/5.4.0/../../../../avr/lib/avr5/memx-const\libm.a(mulsf3.o) (__mulsf3x)
c:/program files/microchip/xc8/v2.41/avr/bin/../lib/gcc/avr/5.4.0/avr5/memx-const\libgcc.a(_udivmodqi4.o)
                              build/default/production/NOKIA.o (__udivmodqi4)
c:/program files/microchip/xc8/v2.41/avr/bin/../lib/gcc/avr/5.4.0/avr5/memx-const\libgcc.a(_divmodhi4.o)
                              build/default/production/BJT.o (__divmodhi4)
c:/program files/microchip/xc8/v2.41/avr/bin/../lib/gcc/avr/5.4.0/avr5/memx-const\libgcc.a(_copy_data.o)
                              build/default/production/main.o (__do_clear_bss)
[...]
Memory Configuration

Name             Origin             Length             Attributes
text             0x0000000000000000 0x0000000000008000 xr
data             0x0000000000800100 0x0000000000000a00 rw !x
eeprom           0x0000000000810000 0x0000000000000400 rw !x
fuse             0x0000000000820000 0x0000000000000003 rw !x
lock             0x0000000000830000 0x0000000000000400 rw !x
signature        0x0000000000840000 0x0000000000000400 rw !x
user_signatures  0x0000000000850000 0x0000000000000400 rw !x
bootrow          0x0000000000860000 0x0000000000000400 rw !x
*default*        0x0000000000000000 0xffffffffffffffff

Linker script and memory map

Address of section .data set to 0x800100
LOAD C:/Program Files/Microchip/xc8/v2.41/dfp/xc8/avr/lib/avr5/memx-const/crtatmega32u4.o
                0x0000000000000001                __MPLAB_BUILD = 0x1
LOAD build/default/production/ADC.o
LOAD build/default/production/main.o
LOAD build/default/production/BJT.o
LOAD build/default/production/NOKIA.o
LOAD build/default/production/DIODO.o
LOAD build/default/production/Dibujos.o
LOAD build/default/production/MOSFET.o
LOAD build/default/production/res.o
START GROUP
LOAD c:/program files/microchip/xc8/v2.41/avr/bin/../lib/gcc/avr/5.4.0/../../../../avr/lib/avr5/memx-const\libm.a
END GROUP
START GROUP
LOAD c:/program files/microchip/xc8/v2.41/avr/bin/../lib/gcc/avr/5.4.0/avr5/memx-const\libgcc.a
LOAD c:/program files/microchip/xc8/v2.41/avr/bin/../lib/gcc/avr/5.4.0/../../../../avr/lib/avr5/memx-const\libm.a
LOAD c:/program files/microchip/xc8/v2.41/avr/bin/../lib/gcc/avr/5.4.0/../../../../avr/lib/avr5/memx-const\libc.a
LOAD C:/Program Files/Microchip/xc8/v2.41/dfp/xc8/avr/lib/avr5/memx-const\libatmega32u4.a
END GROUP
                0x0000000000000000                __TEXT_REGION_ORIGIN__ = DEFINED (__TEXT_REGION_ORIGIN__)?__TEXT_REGION_ORIGIN__:0x0
                [0x0000000000800100]                __DATA_REGION_ORIGIN__ = DEFINED (__DATA_REGION_ORIGIN__)?__DATA_REGION_ORIGIN__:0x800060
                [0x0000000000008000]                __TEXT_REGION_LENGTH__ = DEFINED (__TEXT_REGION_LENGTH__)?__TEXT_REGION_LENGTH__:0x20000
                [0x0000000000000a00]                __DATA_REGION_LENGTH__ = DEFINED (__DATA_REGION_LENGTH__)?__DATA_REGION_LENGTH__:0xffa0
                [0x0000000000000400]                __EEPROM_REGION_LENGTH__ = DEFINED (__EEPROM_REGION_LENGTH__)?__EEPROM_REGION_LENGTH__:0x10000
                [0x0000000000000003]                __FUSE_REGION_LENGTH__ = DEFINED (__FUSE_REGION_LENGTH__)?__FUSE_REGION_LENGTH__:0x400
                0x0000000000000400                __LOCK_REGION_LENGTH__ = DEFINED (__LOCK_REGION_LENGTH__)?__LOCK_REGION_LENGTH__:0x400
                0x0000000000000400                __SIGNATURE_REGION_LENGTH__ = DEFINED (__SIGNATURE_REGION_LENGTH__)?__SIGNATURE_REGION_LENGTH__:0x400
                0x0000000000000400                __USER_SIGNATURE_REGION_LENGTH__ = DEFINED (__USER_SIGNATURE_REGION_LENGTH__)?__USER_SIGNATURE_REGION_LENGTH__:0x400
                0x0000000000000400                __BOOTROW_REGION_LENGTH__ = DEFINED (__BOOTROW_REGION_LENGTH__)?__BOOTROW_REGION_LENGTH__:0x400

.hash
 *(.hash)

.dynsym
 *(.dynsym)

.dynstr
 *(.dynstr)

.gnu.version
 *(.gnu.version)

.gnu.version_d
 *(.gnu.version_d)

.gnu.version_r
 *(.gnu.version_r)

.rel.init
 *(.rel.init)

.rela.init
 *(.rela.init)

.rel.text
 *(.rel.text)
 *(.rel.text.*)
 *(.rel.gnu.linkonce.t*)

.rela.text
 *(.rela.text)
 *(.rela.text.*)
 *(.rela.gnu.linkonce.t*)

.rel.fini
 *(.rel.fini)

.rela.fini
 *(.rela.fini)

.rel.rodata
 *(.rel.rodata)
 *(.rel.rodata.*)
 *(.rel.gnu.linkonce.r*)

.rela.rodata
 *(.rela.rodata)
 *(.rela.rodata.*)
 *(.rela.gnu.linkonce.r*)

.rel.data
 *(.rel.data)
 *(.rel.data.*)
 *(.rel.gnu.linkonce.d*)

.rela.data
 *(.rela.data)
 *(.rela.data.*)
 *(.rela.gnu.linkonce.d*)

.rel.ctors
 *(.rel.ctors)

.rela.ctors
 *(.rela.ctors)

.rel.dtors
 *(.rel.dtors)

.rela.dtors
 *(.rela.dtors)

.rel.got
 *(.rel.got)

.rela.got
 *(.rela.got)

.rel.bss
 *(.rel.bss)

.rela.bss
 *(.rela.bss)

.rel.plt
 *(.rel.plt)

.rela.plt
 *(.rela.plt)

.text           0x0000000000000000      0x106
 *(.vectors)
 .vectors       0x0000000000000000       0xac C:/Program Files/Microchip/xc8/v2.41/dfp/xc8/avr/lib/avr5/memx-const/crtatmega32u4.o
                0x0000000000000000                __vector_default
                0x0000000000000000                __vectors
 *(.vectors)
 *(.progmem.gcc*)
 *(.dinit)
 .dinit         0x00000000000000ac        0x5 data_init
                0x00000000000000b2                . = ALIGN (0x2)
 *fill*         0x00000000000000b1        0x1 
                0x00000000000000b2                __trampolines_start = .
 *(.trampolines)
 .trampolines   0x00000000000000b2        0x0 linker stubs
 *(.trampolines*)
                0x00000000000000b2                __trampolines_end = .
 *libprintf_flt.a:*(.progmem.data)
 *libc.a:*(.progmem.data)
                0x00000000000000b2                . = ALIGN (0x2)
 *(.jumptables)
 *(.jumptables*)
 *(.lowtext)
 *(.lowtext*)
                0x00000000000000b2                __ctors_start = .
 *(.ctors)
                0x00000000000000b2                __ctors_end = .
                0x00000000000000b2                __dtors_start = .
 *(.dtors)
                0x00000000000000b2                __dtors_end = .
 SORT(*)(.ctors)
 SORT(*)(.dtors)
 *(.init0)
 .init0         0x00000000000000b2        0x0 C:/Program Files/Microchip/xc8/v2.41/dfp/xc8/avr/lib/avr5/memx-const/crtatmega32u4.o
                0x00000000000000b2                __init
 *(.init0)
 *(.init1)
 *(.init1)
 *(.init2)
 .init2         0x00000000000000b2        0xc C:/Program Files/Microchip/xc8/v2.41/dfp/xc8/avr/lib/avr5/memx-const/crtatmega32u4.o
 *(.init2)
 *(.init3)
 *(.init3)
 *(.init4)
 .init4         0x00000000000000be       0x3c c:/program files/microchip/xc8/v2.41/avr/bin/../lib/gcc/avr/5.4.0/avr5/memx-const\libgcc.a(_copy_data.o)
                0x00000000000000be                __do_copy_data
                0x00000000000000ec                __do_clear_bss
 *(.init4)
 *(.init5)
 *(.init5)
 *(.init6)
 *(.init6)
 *(.init7)
 *(.init7)
 *(.init8)
 *(.init8)
 *(.init9)
 .init9         0x00000000000000fa        0x8 C:/Program Files/Microchip/xc8/v2.41/dfp/xc8/avr/lib/avr5/memx-const/crtatmega32u4.o
 *(.init9)
                0x0000000000000102                . = ALIGN (0x2)
 *(.fini9)
 .fini9         0x0000000000000102        0x0 c:/program files/microchip/xc8/v2.41/avr/bin/../lib/gcc/avr/5.4.0/avr5/memx-const\libgcc.a(_exit.o)
                0x0000000000000102                _exit
 *(.fini9)
 *(.fini8)
 *(.fini8)
 *(.fini7)
 *(.fini7)
 *(.fini6)
 *(.fini6)
 *(.fini5)
 *(.fini5)
 *(.fini4)
 *(.fini4)
 *(.fini3)
 *(.fini3)
 *(.fini2)
 *(.fini2)
 *(.fini1)
 *(.fini1)
 *(.fini0)
 .fini0         0x0000000000000102        0x4 c:/program files/microchip/xc8/v2.41/avr/bin/../lib/gcc/avr/5.4.0/avr5/memx-const\libgcc.a(_exit.o)
 *(.fini0)
                0x0000000000000106                _etext = .

.data           0x0000000000800100        0x0 load address 0x0000000000000106
                [!provide]                        PROVIDE (__data_start, .)
 *(.gnu.linkonce.d*)
 *(.gnu.linkonce.r*)
                0x0000000000800100                . = ALIGN (0x2)
                0x0000000000800100                _edata = .
                [!provide]                        PROVIDE (__data_end, .)

.bss            0x0000000000800100       0x10
                [!provide]                        PROVIDE (__bss_start, .)
 *(COMMON)
 COMMON         0x0000000000800100        0xe build/default/production/main.o
                0x0000000000800100                test
                0x0000000000800102                buffer
                0x000000000080010c                beta
 COMMON         0x000000000080010e        0x2 c:/program files/microchip/xc8/v2.41/avr/bin/../lib/gcc/avr/5.4.0/../../../../avr/lib/avr5/memx-const\libc.a(errno.o)
                0x000000000080010e                __errno_val
                [!provide]                        PROVIDE (__bss_end, .)
                0x0000000000000106                __data_load_start = LOADADDR (.data)
                0x0000000000000106                __data_load_end = (__data_load_start + SIZEOF (.data))

.noinit         0x0000000000800110        0x0
                [!provide]                        PROVIDE (__noinit_start, .)
 *(.noinit*)
                [!provide]                        PROVIDE (__noinit_end, .)
                0x0000000000800110                _end = .

.eeprom         0x0000000000810000        0x0
 *(.eeprom*)
                0x0000000000810000                __eeprom_end = .

.fuse
 *(.fuse)
 *(.lfuse)
 *(.hfuse)
 *(.efuse)

.lock
 *(.lock*)

.signature
 *(.signature*)

.user_signatures
 *(.user_signatures*)

.bootrow
 *(.bootrow*)

.stab
 *(.stab)

.stabstr
 *(.stabstr)

.stab.excl
 *(.stab.excl)

.stab.exclstr
 *(.stab.exclstr)

.stab.index
 *(.stab.index)

.stab.indexstr
 *(.stab.indexstr)

.comment        0x0000000000000000       0x5b
 *(.comment)
 .comment       0x0000000000000000       0x2f build/default/production/ADC.o
                                         0x30 (size before relaxing)
 .comment       0x000000000000002f       0x30 build/default/production/main.o
 .comment       0x000000000000002f       0x30 build/default/production/BJT.o
 .comment       0x000000000000002f       0x30 build/default/production/NOKIA.o
 .comment       0x000000000000002f       0x30 build/default/production/DIODO.o
 .comment       0x000000000000002f       0x30 build/default/production/Dibujos.o
 .comment       0x000000000000002f       0x30 build/default/production/MOSFET.o
 .comment       0x000000000000002f       0x30 build/default/production/res.o
 .comment       0x000000000000002f       0x2c c:/program files/microchip/xc8/v2.41/avr/bin/../lib/gcc/avr/5.4.0/../../../../avr/lib/avr5/memx-const\libc.a(exit.o)
                                         0x2d (size before relaxing)
 .comment       0x000000000000005b       0x2d c:/program files/microchip/xc8/v2.41/avr/bin/../lib/gcc/avr/5.4.0/../../../../avr/lib/avr5/memx-const\libc.a(__sio_sprintf_dfoux.o)
 .comment       0x000000000000005b       0x2d c:/program files/microchip/xc8/v2.41/avr/bin/../lib/gcc/avr/5.4.0/../../../../avr/lib/avr5/memx-const\libc.a(__sio_sprintf_f.o)
 .comment       0x000000000000005b       0x2d c:/program files/microchip/xc8/v2.41/avr/bin/../lib/gcc/avr/5.4.0/../../../../avr/lib/avr5/memx-const\libc.a(__fmt_d.o)
 .comment       0x000000000000005b       0x2d c:/program files/microchip/xc8/v2.41/avr/bin/../lib/gcc/avr/5.4.0/../../../../avr/lib/avr5/memx-const\libc.a(__fmt_fp.o)
 .comment       0x000000000000005b       0x2d c:/program files/microchip/xc8/v2.41/avr/bin/../lib/gcc/avr/5.4.0/../../../../avr/lib/avr5/memx-const\libc.a(__fmt_o.o)
 .comment       0x000000000000005b       0x2d c:/program files/microchip/xc8/v2.41/avr/bin/../lib/gcc/avr/5.4.0/../../../../avr/lib/avr5/memx-const\libc.a(__fmt_s.o)
 .comment       0x000000000000005b       0x2d c:/program files/microchip/xc8/v2.41/avr/bin/../lib/gcc/avr/5.4.0/../../../../avr/lib/avr5/memx-const\libc.a(__fmt_u.o)
 .comment       0x000000000000005b       0x2d c:/program files/microchip/xc8/v2.41/avr/bin/../lib/gcc/avr/5.4.0/../../../../avr/lib/avr5/memx-const\libc.a(__fmt_x.o)
 .comment       0x000000000000005b       0x2d c:/program files/microchip/xc8/v2.41/avr/bin/../lib/gcc/avr/5.4.0/../../../../avr/lib/avr5/memx-const\libc.a(__pop_int.o)
 .comment       0x000000000000005b       0x2d c:/program files/microchip/xc8/v2.41/avr/bin/../lib/gcc/avr/5.4.0/../../../../avr/lib/avr5/memx-const\libc.a(__printf_core.o)
 .comment       0x000000000000005b       0x2d c:/program files/microchip/xc8/v2.41/avr/bin/../lib/gcc/avr/5.4.0/../../../../avr/lib/avr5/memx-const\libc.a(fputc.o)
 .comment       0x000000000000005b       0x2d c:/program files/microchip/xc8/v2.41/avr/bin/../lib/gcc/avr/5.4.0/../../../../avr/lib/avr5/memx-const\libc.a(__pop_float.o)
 .comment       0x000000000000005b       0x2d c:/program files/microchip/xc8/v2.41/avr/bin/../lib/gcc/avr/5.4.0/../../../../avr/lib/avr5/memx-const\libc.a(memset.o)
 .comment       0x000000000000005b       0x2d c:/program files/microchip/xc8/v2.41/avr/bin/../lib/gcc/avr/5.4.0/../../../../avr/lib/avr5/memx-const\libc.a(strcpy.o)
 .comment       0x000000000000005b       0x2d c:/program files/microchip/xc8/v2.41/avr/bin/../lib/gcc/avr/5.4.0/../../../../avr/lib/avr5/memx-const\libc.a(strlen.o)
 .comment       0x000000000000005b       0x2d c:/program files/microchip/xc8/v2.41/avr/bin/../lib/gcc/avr/5.4.0/../../../../avr/lib/avr5/memx-const\libc.a(tolower.o)
 .comment       0x000000000000005b       0x2d c:/program files/microchip/xc8/v2.41/avr/bin/../lib/gcc/avr/5.4.0/../../../../avr/lib/avr5/memx-const\libc.a(toupper.o)
 .comment       0x000000000000005b       0x2d c:/program files/microchip/xc8/v2.41/avr/bin/../lib/gcc/avr/5.4.0/../../../../avr/lib/avr5/memx-const\libc.a(errno.o)
 .comment       0x000000000000005b       0x2d c:/program files/microchip/xc8/v2.41/avr/bin/../lib/gcc/avr/5.4.0/../../../../avr/lib/avr5/memx-const\libc.a(_Exit.o)
 .comment       0x000000000000005b       0x2d c:/program files/microchip/xc8/v2.41/avr/bin/../lib/gcc/avr/5.4.0/../../../../avr/lib/avr5/memx-const\libc.a(__int_vsprintf.o)
 .comment       0x000000000000005b       0x2d c:/program files/microchip/xc8/v2.41/avr/bin/../lib/gcc/avr/5.4.0/../../../../avr/lib/avr5/memx-const\libc.a(__int_vsnprintf.o)
 .comment       0x000000000000005b       0x2d c:/program files/microchip/xc8/v2.41/avr/bin/../lib/gcc/avr/5.4.0/../../../../avr/lib/avr5/memx-const\libc.a(__int_vfprintf.o)
 .comment       0x000000000000005b       0x2d c:/program files/microchip/xc8/v2.41/avr/bin/../lib/gcc/avr/5.4.0/../../../../avr/lib/avr5/memx-const\libm.a(floorf.o)

.stack.descriptors.hdr
                0x0000000000000000      0x2a0
 .stack.descriptors.hdr
                0x0000000000000000        0xe c:/program files/microchip/xc8/v2.41/avr/bin/../lib/gcc/avr/5.4.0/../../../../avr/lib/avr5/memx-const\libm.a(addsf3.o)
 .stack.descriptors.hdr
                0x000000000000000e        0xe c:/program files/microchip/xc8/v2.41/avr/bin/../lib/gcc/avr/5.4.0/../../../../avr/lib/avr5/memx-const\libm.a(addsf3x.o)
 .stack.descriptors.hdr
                0x000000000000001c        0xe c:/program files/microchip/xc8/v2.41/avr/bin/../lib/gcc/avr/5.4.0/../../../../avr/lib/avr5/memx-const\libm.a(cmpsf2.o)
 .stack.descriptors.hdr
                0x000000000000002a        0xe c:/program files/microchip/xc8/v2.41/avr/bin/../lib/gcc/avr/5.4.0/../../../../avr/lib/avr5/memx-const\libm.a(divsf3.o)
 .stack.descriptors.hdr
                0x0000000000000038        0xe c:/program files/microchip/xc8/v2.41/avr/bin/../lib/gcc/avr/5.4.0/../../../../avr/lib/avr5/memx-const\libm.a(divsf3x.o)
 .stack.descriptors.hdr
                0x0000000000000046        0xe c:/program files/microchip/xc8/v2.41/avr/bin/../lib/gcc/avr/5.4.0/../../../../avr/lib/avr5/memx-const\libm.a(floatsisf.o)
 .stack.descriptors.hdr
                0x0000000000000054        0xe c:/program files/microchip/xc8/v2.41/avr/bin/../lib/gcc/avr/5.4.0/../../../../avr/lib/avr5/memx-const\libm.a(fp_cmp.o)
 .stack.descriptors.hdr
                0x0000000000000062        0xe c:/program files/microchip/xc8/v2.41/avr/bin/../lib/gcc/avr/5.4.0/../../../../avr/lib/avr5/memx-const\libm.a(fp_inf.o)
 .stack.descriptors.hdr
                0x0000000000000070        0xe c:/program files/microchip/xc8/v2.41/avr/bin/../lib/gcc/avr/5.4.0/../../../../avr/lib/avr5/memx-const\libm.a(fp_nan.o)
 .stack.descriptors.hdr
                0x000000000000007e        0xe c:/program files/microchip/xc8/v2.41/avr/bin/../lib/gcc/avr/5.4.0/../../../../avr/lib/avr5/memx-const\libm.a(fp_pscA.o)
 .stack.descriptors.hdr
                0x000000000000008c        0xe c:/program files/microchip/xc8/v2.41/avr/bin/../lib/gcc/avr/5.4.0/../../../../avr/lib/avr5/memx-const\libm.a(fp_pscB.o)
 .stack.descriptors.hdr
                0x000000000000009a        0xe c:/program files/microchip/xc8/v2.41/avr/bin/../lib/gcc/avr/5.4.0/../../../../avr/lib/avr5/memx-const\libm.a(fp_round.o)
 .stack.descriptors.hdr
                0x00000000000000a8        0xe c:/program files/microchip/xc8/v2.41/avr/bin/../lib/gcc/avr/5.4.0/../../../../avr/lib/avr5/memx-const\libm.a(fp_split3.o)
 .stack.descriptors.hdr
                0x00000000000000b6        0xe c:/program files/microchip/xc8/v2.41/avr/bin/../lib/gcc/avr/5.4.0/../../../../avr/lib/avr5/memx-const\libm.a(fp_zero.o)
 .stack.descriptors.hdr
                0x00000000000000c4        0xe c:/program files/microchip/xc8/v2.41/avr/bin/../lib/gcc/avr/5.4.0/../../../../avr/lib/avr5/memx-const\libm.a(gesf2.o)
 .stack.descriptors.hdr
                0x00000000000000d2        0xe c:/program files/microchip/xc8/v2.41/avr/bin/../lib/gcc/avr/5.4.0/../../../../avr/lib/avr5/memx-const\libm.a(mulsf3.o)
 .stack.descriptors.hdr
                0x00000000000000e0        0xe c:/program files/microchip/xc8/v2.41/avr/bin/../lib/gcc/avr/5.4.0/../../../../avr/lib/avr5/memx-const\libm.a(mulsf3x.o)
 .stack.descriptors.hdr
                0x00000000000000ee        0xe c:/program files/microchip/xc8/v2.41/avr/bin/../lib/gcc/avr/5.4.0/avr5/memx-const\libgcc.a(_udivmodqi4.o)
 .stack.descriptors.hdr
                0x00000000000000fc        0xe c:/program files/microchip/xc8/v2.41/avr/bin/../lib/gcc/avr/5.4.0/avr5/memx-const\libgcc.a(_divmodhi4.o)
 .stack.descriptors.hdr
                0x000000000000010a        0xe c:/program files/microchip/xc8/v2.41/avr/bin/../lib/gcc/avr/5.4.0/avr5/memx-const\libgcc.a(_udivmodhi4.o)
 .stack.descriptors.hdr
                0x0000000000000118        0xe c:/program files/microchip/xc8/v2.41/avr/bin/../lib/gcc/avr/5.4.0/../../../../avr/lib/avr5/memx-const\libc.a(exit.o)
 .stack.descriptors.hdr
                0x0000000000000126        0xe c:/program files/microchip/xc8/v2.41/avr/bin/../lib/gcc/avr/5.4.0/../../../../avr/lib/avr5/memx-const\libc.a(__sio_sprintf_dfoux.o)
 .stack.descriptors.hdr
                0x0000000000000134        0xe c:/program files/microchip/xc8/v2.41/avr/bin/../lib/gcc/avr/5.4.0/../../../../avr/lib/avr5/memx-const\libc.a(__sio_sprintf_f.o)
 .stack.descriptors.hdr
                0x0000000000000142        0xe c:/program files/microchip/xc8/v2.41/avr/bin/../lib/gcc/avr/5.4.0/../../../../avr/lib/avr5/memx-const\libc.a(__fmt_d.o)
 .stack.descriptors.hdr
                0x0000000000000150        0xe c:/program files/microchip/xc8/v2.41/avr/bin/../lib/gcc/avr/5.4.0/../../../../avr/lib/avr5/memx-const\libc.a(__fmt_fp.o)
 .stack.descriptors.hdr
                0x000000000000015e        0xe c:/program files/microchip/xc8/v2.41/avr/bin/../lib/gcc/avr/5.4.0/../../../../avr/lib/avr5/memx-const\libc.a(__fmt_o.o)
 .stack.descriptors.hdr
                0x000000000000016c        0xe c:/program files/microchip/xc8/v2.41/avr/bin/../lib/gcc/avr/5.4.0/../../../../avr/lib/avr5/memx-const\libc.a(__fmt_s.o)
 .stack.descriptors.hdr
                0x000000000000017a        0xe c:/program files/microchip/xc8/v2.41/avr/bin/../lib/gcc/avr/5.4.0/../../../../avr/lib/avr5/memx-const\libc.a(__fmt_u.o)
 .stack.descriptors.hdr
                0x0000000000000188        0xe c:/program files/microchip/xc8/v2.41/avr/bin/../lib/gcc/avr/5.4.0/../../../../avr/lib/avr5/memx-const\libc.a(__fmt_x.o)
 .stack.descriptors.hdr
                0x0000000000000196        0xe c:/program files/microchip/xc8/v2.41/avr/bin/../lib/gcc/avr/5.4.0/../../../../avr/lib/avr5/memx-const\libc.a(__pop_int.o)
 .stack.descriptors.hdr
                0x00000000000001a4        0xe c:/program files/microchip/xc8/v2.41/avr/bin/../lib/gcc/avr/5.4.0/../../../../avr/lib/avr5/memx-const\libc.a(__printf_core.o)
 .stack.descriptors.hdr
                0x00000000000001b2        0xe c:/program files/microchip/xc8/v2.41/avr/bin/../lib/gcc/avr/5.4.0/../../../../avr/lib/avr5/memx-const\libc.a(fputc.o)
 .stack.descriptors.hdr
                0x00000000000001c0        0xe c:/program files/microchip/xc8/v2.41/avr/bin/../lib/gcc/avr/5.4.0/../../../../avr/lib/avr5/memx-const\libc.a(__pop_float.o)
 .stack.descriptors.hdr
                0x00000000000001ce        0xe c:/program files/microchip/xc8/v2.41/avr/bin/../lib/gcc/avr/5.4.0/../../../../avr/lib/avr5/memx-const\libc.a(memset.o)
 .stack.descriptors.hdr
                0x00000000000001dc        0xe c:/program files/microchip/xc8/v2.41/avr/bin/../lib/gcc/avr/5.4.0/../../../../avr/lib/avr5/memx-const\libc.a(strcpy.o)
 .stack.descriptors.hdr
                0x00000000000001ea        0xe c:/program files/microchip/xc8/v2.41/avr/bin/../lib/gcc/avr/5.4.0/../../../../avr/lib/avr5/memx-const\libc.a(strlen.o)
 .stack.descriptors.hdr
                0x00000000000001f8        0xe c:/program files/microchip/xc8/v2.41/avr/bin/../lib/gcc/avr/5.4.0/../../../../avr/lib/avr5/memx-const\libc.a(tolower.o)
 .stack.descriptors.hdr
                0x0000000000000206        0xe c:/program files/microchip/xc8/v2.41/avr/bin/../lib/gcc/avr/5.4.0/../../../../avr/lib/avr5/memx-const\libc.a(toupper.o)
 .stack.descriptors.hdr
                0x0000000000000214        0xe c:/program files/microchip/xc8/v2.41/avr/bin/../lib/gcc/avr/5.4.0/../../../../avr/lib/avr5/memx-const\libc.a(errno.o)
 .stack.descriptors.hdr
                0x0000000000000222        0xe c:/program files/microchip/xc8/v2.41/avr/bin/../lib/gcc/avr/5.4.0/../../../../avr/lib/avr5/memx-const\libc.a(_Exit.o)
 .stack.descriptors.hdr
                0x0000000000000230        0xe c:/program files/microchip/xc8/v2.41/avr/bin/../lib/gcc/avr/5.4.0/../../../../avr/lib/avr5/memx-const\libc.a(__int_vsprintf.o)
 .stack.descriptors.hdr
                0x000000000000023e        0xe c:/program files/microchip/xc8/v2.41/avr/bin/../lib/gcc/avr/5.4.0/../../../../avr/lib/avr5/memx-const\libc.a(__int_vsnprintf.o)
 .stack.descriptors.hdr
                0x000000000000024c        0xe c:/program files/microchip/xc8/v2.41/avr/bin/../lib/gcc/avr/5.4.0/../../../../avr/lib/avr5/memx-const\libc.a(__int_vfprintf.o)
 .stack.descriptors.hdr
                0x000000000000025a        0xe c:/program files/microchip/xc8/v2.41/avr/bin/../lib/gcc/avr/5.4.0/avr5/memx-const\libgcc.a(_udivmodsi4.o)
 .stack.descriptors.hdr
                0x0000000000000268        0xe c:/program files/microchip/xc8/v2.41/avr/bin/../lib/gcc/avr/5.4.0/avr5/memx-const\libgcc.a(_exit.o)
 .stack.descriptors.hdr
                0x0000000000000276        0xe c:/program files/microchip/xc8/v2.41/avr/bin/../lib/gcc/avr/5.4.0/../../../../avr/lib/avr5/memx-const\libm.a(fixsfsi.o)
 .stack.descriptors.hdr
                0x0000000000000284        0xe c:/program files/microchip/xc8/v2.41/avr/bin/../lib/gcc/avr/5.4.0/../../../../avr/lib/avr5/memx-const\libm.a(fixunssfsi.o)
 .stack.descriptors.hdr
                0x0000000000000292        0xe c:/program files/microchip/xc8/v2.41/avr/bin/../lib/gcc/avr/5.4.0/../../../../avr/lib/avr5/memx-const\libm.a(floorf.o)

.note.GNU-stack
                0x0000000000000000        0x0
 .note.GNU-stack
                0x0000000000000000        0x0 c:/program files/microchip/xc8/v2.41/avr/bin/../lib/gcc/avr/5.4.0/../../../../avr/lib/avr5/memx-const\libm.a(addsf3.o)
 .note.GNU-stack
                0x0000000000000000        0x0 c:/program files/microchip/xc8/v2.41/avr/bin/../lib/gcc/avr/5.4.0/../../../../avr/lib/avr5/memx-const\libm.a(addsf3x.o)
 .note.GNU-stack
                0x0000000000000000        0x0 c:/program files/microchip/xc8/v2.41/avr/bin/../lib/gcc/avr/5.4.0/../../../../avr/lib/avr5/memx-const\libm.a(cmpsf2.o)
 .note.GNU-stack
                0x0000000000000000        0x0 c:/program files/microchip/xc8/v2.41/avr/bin/../lib/gcc/avr/5.4.0/../../../../avr/lib/avr5/memx-const\libm.a(divsf3.o)
 .note.GNU-stack
                0x0000000000000000        0x0 c:/program files/microchip/xc8/v2.41/avr/bin/../lib/gcc/avr/5.4.0/../../../../avr/lib/avr5/memx-const\libm.a(divsf3x.o)
 .note.GNU-stack
                0x0000000000000000        0x0 c:/program files/microchip/xc8/v2.41/avr/bin/../lib/gcc/avr/5.4.0/../../../../avr/lib/avr5/memx-const\libm.a(floatsisf.o)
 .note.GNU-stack
                0x0000000000000000        0x0 c:/program files/microchip/xc8/v2.41/avr/bin/../lib/gcc/avr/5.4.0/../../../../avr/lib/avr5/memx-const\libm.a(fp_cmp.o)
 .note.GNU-stack
                0x0000000000000000        0x0 c:/program files/microchip/xc8/v2.41/avr/bin/../lib/gcc/avr/5.4.0/../../../../avr/lib/avr5/memx-const\libm.a(fp_inf.o)
 .note.GNU-stack
                0x0000000000000000        0x0 c:/program files/microchip/xc8/v2.41/avr/bin/../lib/gcc/avr/5.4.0/../../../../avr/lib/avr5/memx-const\libm.a(fp_nan.o)
 .note.GNU-stack
                0x0000000000000000        0x0 c:/program files/microchip/xc8/v2.41/avr/bin/../lib/gcc/avr/5.4.0/../../../../avr/lib/avr5/memx-const\libm.a(fp_pscA.o)
 .note.GNU-stack
                0x0000000000000000        0x0 c:/program files/microchip/xc8/v2.41/avr/bin/../lib/gcc/avr/5.4.0/../../../../avr/lib/avr5/memx-const\libm.a(fp_pscB.o)
 .note.GNU-stack
                0x0000000000000000        0x0 c:/program files/microchip/xc8/v2.41/avr/bin/../lib/gcc/avr/5.4.0/../../../../avr/lib/avr5/memx-const\libm.a(fp_round.o)
 .note.GNU-stack
                0x0000000000000000        0x0 c:/program files/microchip/xc8/v2.41/avr/bin/../lib/gcc/avr/5.4.0/../../../../avr/lib/avr5/memx-const\libm.a(fp_split3.o)
 .note.GNU-stack
                0x0000000000000000        0x0 c:/program files/microchip/xc8/v2.41/avr/bin/../lib/gcc/avr/5.4.0/../../../../avr/lib/avr5/memx-const\libm.a(fp_zero.o)
 .note.GNU-stack
                0x0000000000000000        0x0 c:/program files/microchip/xc8/v2.41/avr/bin/../lib/gcc/avr/5.4.0/../../../../avr/lib/avr5/memx-const\libm.a(gesf2.o)
 .note.GNU-stack
                0x0000000000000000        0x0 c:/program files/microchip/xc8/v2.41/avr/bin/../lib/gcc/avr/5.4.0/../../../../avr/lib/avr5/memx-const\libm.a(mulsf3.o)
 .note.GNU-stack
                0x0000000000000000        0x0 c:/program files/microchip/xc8/v2.41/avr/bin/../lib/gcc/avr/5.4.0/../../../../avr/lib/avr5/memx-const\libm.a(mulsf3x.o)
 .note.GNU-stack
                0x0000000000000000        0x0 c:/program files/microchip/xc8/v2.41/avr/bin/../lib/gcc/avr/5.4.0/../../../../avr/lib/avr5/memx-const\libc.a(exit.o)
 .note.GNU-stack
                0x0000000000000000        0x0 c:/program files/microchip/xc8/v2.41/avr/bin/../lib/gcc/avr/5.4.0/../../../../avr/lib/avr5/memx-const\libc.a(__sio_sprintf_dfoux.o)
 .note.GNU-stack
                0x0000000000000000        0x0 c:/program files/microchip/xc8/v2.41/avr/bin/../lib/gcc/avr/5.4.0/../../../../avr/lib/avr5/memx-const\libc.a(__sio_sprintf_f.o)
 .note.GNU-stack
                0x0000000000000000        0x0 c:/program files/microchip/xc8/v2.41/avr/bin/../lib/gcc/avr/5.4.0/../../../../avr/lib/avr5/memx-const\libc.a(__fmt_d.o)
 .note.GNU-stack
                0x0000000000000000        0x0 c:/program files/microchip/xc8/v2.41/avr/bin/../lib/gcc/avr/5.4.0/../../../../avr/lib/avr5/memx-const\libc.a(__fmt_fp.o)
 .note.GNU-stack
                0x0000000000000000        0x0 c:/program files/microchip/xc8/v2.41/avr/bin/../lib/gcc/avr/5.4.0/../../../../avr/lib/avr5/memx-const\libc.a(__fmt_o.o)
 .note.GNU-stack
                0x0000000000000000        0x0 c:/program files/microchip/xc8/v2.41/avr/bin/../lib/gcc/avr/5.4.0/../../../../avr/lib/avr5/memx-const\libc.a(__fmt_s.o)
 .note.GNU-stack
                0x0000000000000000        0x0 c:/program files/microchip/xc8/v2.41/avr/bin/../lib/gcc/avr/5.4.0/../../../../avr/lib/avr5/memx-const\libc.a(__fmt_u.o)
 .note.GNU-stack
                0x0000000000000000        0x0 c:/program files/microchip/xc8/v2.41/avr/bin/../lib/gcc/avr/5.4.0/../../../../avr/lib/avr5/memx-const\libc.a(__fmt_x.o)
 .note.GNU-stack
                0x0000000000000000        0x0 c:/program files/microchip/xc8/v2.41/avr/bin/../lib/gcc/avr/5.4.0/../../../../avr/lib/avr5/memx-const\libc.a(__pop_int.o)
 .note.GNU-stack
                0x0000000000000000        0x0 c:/program files/microchip/xc8/v2.41/avr/bin/../lib/gcc/avr/5.4.0/../../../../avr/lib/avr5/memx-const\libc.a(__printf_core.o)
 .note.GNU-stack
                0x0000000000000000        0x0 c:/program files/microchip/xc8/v2.41/avr/bin/../lib/gcc/avr/5.4.0/../../../../avr/lib/avr5/memx-const\libc.a(fputc.o)
 .note.GNU-stack
                0x0000000000000000        0x0 c:/program files/microchip/xc8/v2.41/avr/bin/../lib/gcc/avr/5.4.0/../../../../avr/lib/avr5/memx-const\libc.a(__pop_float.o)
 .note.GNU-stack
                0x0000000000000000        0x0 c:/program files/microchip/xc8/v2.41/avr/bin/../lib/gcc/avr/5.4.0/../../../../avr/lib/avr5/memx-const\libc.a(memset.o)
 .note.GNU-stack
                0x0000000000000000        0x0 c:/program files/microchip/xc8/v2.41/avr/bin/../lib/gcc/avr/5.4.0/../../../../avr/lib/avr5/memx-const\libc.a(strcpy.o)
 .note.GNU-stack
                0x0000000000000000        0x0 c:/program files/microchip/xc8/v2.41/avr/bin/../lib/gcc/avr/5.4.0/../../../../avr/lib/avr5/memx-const\libc.a(strlen.o)
 .note.GNU-stack
                0x0000000000000000        0x0 c:/program files/microchip/xc8/v2.41/avr/bin/../lib/gcc/avr/5.4.0/../../../../avr/lib/avr5/memx-const\libc.a(tolower.o)
 .note.GNU-stack
                0x0000000000000000        0x0 c:/program files/microchip/xc8/v2.41/avr/bin/../lib/gcc/avr/5.4.0/../../../../avr/lib/avr5/memx-const\libc.a(toupper.o)
 .note.GNU-stack
                0x0000000000000000        0x0 c:/program files/microchip/xc8/v2.41/avr/bin/../lib/gcc/avr/5.4.0/../../../../avr/lib/avr5/memx-const\libc.a(errno.o)
 .note.GNU-stack
                0x0000000000000000        0x0 c:/program files/microchip/xc8/v2.41/avr/bin/../lib/gcc/avr/5.4.0/../../../../avr/lib/avr5/memx-const\libc.a(_Exit.o)
 .note.GNU-stack
                0x0000000000000000        0x0 c:/program files/microchip/xc8/v2.41/avr/bin/../lib/gcc/avr/5.4.0/../../../../avr/lib/avr5/memx-const\libc.a(__int_vsprintf.o)
 .note.GNU-stack
                0x0000000000000000        0x0 c:/program files/microchip/xc8/v2.41/avr/bin/../lib/gcc/avr/5.4.0/../../../../avr/lib/avr5/memx-const\libc.a(__int_vsnprintf.o)
 .note.GNU-stack
                0x0000000000000000        0x0 c:/program files/microchip/xc8/v2.41/avr/bin/../lib/gcc/avr/5.4.0/../../../../avr/lib/avr5/memx-const\libc.a(__int_vfprintf.o)
 .note.GNU-stack
                0x0000000000000000        0x0 c:/program files/microchip/xc8/v2.41/avr/bin/../lib/gcc/avr/5.4.0/../../../../avr/lib/avr5/memx-const\libm.a(fixsfsi.o)
 .note.GNU-stack
                0x0000000000000000        0x0 c:/program files/microchip/xc8/v2.41/avr/bin/../lib/gcc/avr/5.4.0/../../../../avr/lib/avr5/memx-const\libm.a(fixunssfsi.o)
 .note.GNU-stack
                0x0000000000000000        0x0 c:/program files/microchip/xc8/v2.41/avr/bin/../lib/gcc/avr/5.4.0/../../../../avr/lib/avr5/memx-const\libm.a(floorf.o)

.note.gnu.build-id
 *(.note.gnu.build-id)

.debug
 *(.debug)

.line
 *(.line)

.debug_srcinfo
 *(.debug_srcinfo)

.debug_sfnames
 *(.debug_sfnames)

.debug_aranges  0x0000000000000000      0x268
 *(.debug_aranges)
 .debug_aranges
                0x0000000000000000       0x28 build/default/production/ADC.o
 .debug_aranges
                0x0000000000000028       0x98 build/default/production/main.o
 .debug_aranges
                0x00000000000000c0       0x40 build/default/production/BJT.o
 .debug_aranges
                0x0000000000000100       0x68 build/default/production/NOKIA.o
 .debug_aranges
                0x0000000000000168       0x58 build/default/production/DIODO.o
 .debug_aranges
                0x00000000000001c0       0x50 build/default/production/Dibujos.o
 .debug_aranges
                0x0000000000000210       0x30 build/default/production/MOSFET.o
 .debug_aranges
                0x0000000000000240       0x28 build/default/production/res.o

.debug_pubnames
 *(.debug_pubnames)

.debug_info     0x0000000000000000     0xb6b5
 *(.debug_info .gnu.linkonce.wi.*)
 .debug_info    0x0000000000000000      0x9f4 C:/Program Files/Microchip/xc8/v2.41/dfp/xc8/avr/lib/avr5/memx-const/crtatmega32u4.o
 .debug_info    0x00000000000009f4      0x2a5 build/default/production/ADC.o
 .debug_info    0x0000000000000c99      0xfd5 build/default/production/main.o
 .debug_info    0x0000000000001c6e     0x2aae build/default/production/BJT.o
 .debug_info    0x000000000000471c      0x88c build/default/production/NOKIA.o
 .debug_info    0x0000000000004fa8      0xfbb build/default/production/DIODO.o
 .debug_info    0x0000000000005f63     0x2ca0 build/default/production/Dibujos.o
 .debug_info    0x0000000000008c03     0x1ff3 build/default/production/MOSFET.o
 .debug_info    0x000000000000abf6      0xabf build/default/production/res.o

.debug_abbrev   0x0000000000000000     0x14d7
 *(.debug_abbrev)
 .debug_abbrev  0x0000000000000000      0x96a C:/Program Files/Microchip/xc8/v2.41/dfp/xc8/avr/lib/avr5/memx-const/crtatmega32u4.o
 .debug_abbrev  0x000000000000096a       0x7a build/default/production/ADC.o
 .debug_abbrev  0x00000000000009e4      0x26d build/default/production/main.o
 .debug_abbrev  0x0000000000000c51      0x1d8 build/default/production/BJT.o
 .debug_abbrev  0x0000000000000e29      0x1b7 build/default/production/NOKIA.o
 .debug_abbrev  0x0000000000000fe0      0x22c build/default/production/DIODO.o
 .debug_abbrev  0x000000000000120c       0x8b build/default/production/Dibujos.o
 .debug_abbrev  0x0000000000001297       0xe4 build/default/production/MOSFET.o
 .debug_abbrev  0x000000000000137b      0x15c build/default/production/res.o

.debug_line     0x0000000000000000     0x2cc8
 *(.debug_line .debug_line.* .debug_line_end)
 .debug_line    0x0000000000000000      0x19d C:/Program Files/Microchip/xc8/v2.41/dfp/xc8/avr/lib/avr5/memx-const/crtatmega32u4.o
 .debug_line    0x000000000000019d       0xc5 build/default/production/ADC.o
 .debug_line    0x0000000000000262      0x58e build/default/production/main.o
 .debug_line    0x00000000000007f0      0x903 build/default/production/BJT.o
 .debug_line    0x00000000000010f3      0x395 build/default/production/NOKIA.o
 .debug_line    0x0000000000001488      0x4f7 build/default/production/DIODO.o
 .debug_line    0x000000000000197f      0x95a build/default/production/Dibujos.o
 .debug_line    0x00000000000022d9      0x77d build/default/production/MOSFET.o
 .debug_line    0x0000000000002a56      0x272 build/default/production/res.o

.debug_frame    0x0000000000000000      0x6c0
 *(.debug_frame)
 .debug_frame   0x0000000000000000       0x34 build/default/production/ADC.o
 .debug_frame   0x0000000000000034      0x15c build/default/production/main.o
 .debug_frame   0x0000000000000190       0xf0 build/default/production/BJT.o
 .debug_frame   0x0000000000000280      0x134 build/default/production/NOKIA.o
 .debug_frame   0x00000000000003b4      0x1a0 build/default/production/DIODO.o
 .debug_frame   0x0000000000000554       0x84 build/default/production/Dibujos.o
 .debug_frame   0x00000000000005d8       0x78 build/default/production/MOSFET.o
 .debug_frame   0x0000000000000650       0x70 build/default/production/res.o

.debug_str      0x0000000000000000      0x72b
 *(.debug_str)
 .debug_str     0x0000000000000000      0x371 C:/Program Files/Microchip/xc8/v2.41/dfp/xc8/avr/lib/avr5/memx-const/crtatmega32u4.o
 .debug_str     0x0000000000000371        0x0 build/default/production/ADC.o
 .debug_str     0x0000000000000371      0x102 build/default/production/main.o
 .debug_str     0x0000000000000473       0xb3 build/default/production/BJT.o
 .debug_str     0x0000000000000526        0x0 build/default/production/NOKIA.o
 .debug_str     0x0000000000000526       0xbe build/default/production/DIODO.o
 .debug_str     0x00000000000005e4       0x61 build/default/production/Dibujos.o
 .debug_str     0x0000000000000645       0x78 build/default/production/MOSFET.o
 .debug_str     0x00000000000006bd       0x6e build/default/production/res.o

.debug_loc      0x0000000000000000     0x1ce2
 *(.debug_loc)
 .debug_loc     0x0000000000000000       0x3d build/default/production/ADC.o
 .debug_loc     0x000000000000003d      0x1fb build/default/production/main.o
 .debug_loc     0x0000000000000238      0x7dc build/default/production/BJT.o
 .debug_loc     0x0000000000000a14      0x3c6 build/default/production/NOKIA.o
 .debug_loc     0x0000000000000dda      0x5ef build/default/production/DIODO.o
 .debug_loc     0x00000000000013c9      0x6c9 build/default/production/MOSFET.o
 .debug_loc     0x0000000000001a92      0x250 build/default/production/res.o

.debug_macinfo
 *(.debug_macinfo)

.debug_weaknames
 *(.debug_weaknames)

.debug_funcnames
 *(.debug_funcnames)

.debug_typenames
 *(.debug_typenames)

.debug_varnames
 *(.debug_varnames)

.debug_pubtypes
 *(.debug_pubtypes)

.debug_ranges   0x0000000000000000      0x208
 *(.debug_ranges)
 .debug_ranges  0x0000000000000000       0x18 build/default/production/ADC.o
 .debug_ranges  0x0000000000000018       0x88 build/default/production/main.o
 .debug_ranges  0x00000000000000a0       0x30 build/default/production/BJT.o
 .debug_ranges  0x00000000000000d0       0x78 build/default/production/NOKIA.o
 .debug_ranges  0x0000000000000148       0x48 build/default/production/DIODO.o
 .debug_ranges  0x0000000000000190       0x40 build/default/production/Dibujos.o
 .debug_ranges  0x00000000000001d0       0x20 build/default/production/MOSFET.o
 .debug_ranges  0x00000000000001f0       0x18 build/default/production/res.o

.debug_macro
 *(.debug_macro)
OUTPUT(dist/default/production/Transistor32u4.X.production.elf elf32-avr)
LOAD linker stubs
LOAD data_init

.note.gnu.avr.deviceinfo
                0x0000000000000000       0x40
 .note.gnu.avr.deviceinfo
                0x0000000000000000       0x40 C:/Program Files/Microchip/xc8/v2.41/dfp/xc8/avr/lib/avr5/memx-const/crtatmega32u4.o

.bss.start      0x0000000000800316        0x2
 .bss.start     0x0000000000800316        0x2 build/default/production/main.o
                0x0000000000800316                start

.bss.E          0x0000000000800318        0x2
 .bss.E         0x0000000000800318        0x2 build/default/production/main.o
                0x0000000000800318                E

.bss.MEDIDA3    0x000000000080031a        0x2
 .bss.MEDIDA3   0x000000000080031a        0x2 build/default/production/main.o
                0x000000000080031a                MEDIDA3

.bss.MEDIDA2    0x000000000080031c        0x2
 .bss.MEDIDA2   0x000000000080031c        0x2 build/default/production/main.o
                0x000000000080031c                MEDIDA2

.bss.MEDIDA1    0x000000000080031e        0x2
 .bss.MEDIDA1   0x000000000080031e        0x2 build/default/production/main.o
                0x000000000080031e                MEDIDA1

.bss.nokia_lcd  0x0000000000800110      0x1fa
 .bss.nokia_lcd
                0x0000000000800110      0x1fa build/default/production/NOKIA.o

.bss.medidaZ2_T
                0x000000000080030a        0x4
 .bss.medidaZ2_T
                0x000000000080030a        0x4 build/default/production/DIODO.o
                0x000000000080030a                medidaZ2_T

.bss.medidaZ1_T
                0x000000000080030e        0x4
 .bss.medidaZ1_T
                0x000000000080030e        0x4 build/default/production/DIODO.o
                0x000000000080030e                medidaZ1_T

.bss.medidaZ2   0x0000000000800320        0x2
 .bss.medidaZ2  0x0000000000800320        0x2 build/default/production/DIODO.o
                0x0000000000800320                medidaZ2

.bss.medidaZ1   0x0000000000800322        0x2
 .bss.medidaZ1  0x0000000000800322        0x2 build/default/production/DIODO.o
                0x0000000000800322                medidaZ1

.bss.Voltaje_diodo
                0x0000000000800312        0x4
 .bss.Voltaje_diodo
                0x0000000000800312        0x4 build/default/production/DIODO.o
                0x0000000000800312                Voltaje_diodo

.bss.medida2    0x0000000000800324        0x2
 .bss.medida2   0x0000000000800324        0x2 build/default/production/DIODO.o
                0x0000000000800324                medida2

.bss.medida1    0x0000000000800326        0x2
 .bss.medida1   0x0000000000800326        0x2 build/default/production/DIODO.o
                0x0000000000800326                medida1

.progmemx.data.CHARSET
                0x0000000000000106      0x1e0
 .progmemx.data.CHARSET
                0x0000000000000106      0x1e0 build/default/production/NOKIA.o
                0x0000000000000106                CHARSET

.progmemx.data  0x00000000000002e6       0x5a
 .progmemx.data
                0x00000000000002e6       0x5a build/default/production/BJT.o

.progmemx.data  0x0000000000000340       0x36
 .progmemx.data
                0x0000000000000340       0x36 build/default/production/MOSFET.o

.progmemx.data  0x0000000000000376       0x29
 .progmemx.data
                0x0000000000000376       0x29 build/default/production/DIODO.o

.progmemx.data.state_table
                0x000000000000039f       0x16
 .progmemx.data.state_table
                0x000000000000039f       0x16 c:/program files/microchip/xc8/v2.41/avr/bin/../lib/gcc/avr/5.4.0/../../../../avr/lib/avr5/memx-const\libc.a(__printf_core.o)

.progmemx.data  0x00000000000003b5       0x14
 .progmemx.data
                0x00000000000003b5       0x14 build/default/production/Dibujos.o

.progmemx.data  0x00000000000003c9       0x10
 .progmemx.data
                0x00000000000003c9       0x10 c:/program files/microchip/xc8/v2.41/avr/bin/../lib/gcc/avr/5.4.0/../../../../avr/lib/avr5/memx-const\libc.a(__fmt_fp.o)

.progmemx.data  0x00000000000003d9        0xf
 .progmemx.data
                0x00000000000003d9        0xf build/default/production/res.o

.progmemx.data.nuls.2781
                0x00000000000003e8        0x7
 .progmemx.data.nuls.2781
                0x00000000000003e8        0x7 c:/program files/microchip/xc8/v2.41/avr/bin/../lib/gcc/avr/5.4.0/../../../../avr/lib/avr5/memx-const\libc.a(__fmt_s.o)

.progmemx.data.nilstr.2962
                0x00000000000003ef        0x6
 .progmemx.data.nilstr.2962
                0x00000000000003ef        0x6 c:/program files/microchip/xc8/v2.41/avr/bin/../lib/gcc/avr/5.4.0/../../../../avr/lib/avr5/memx-const\libc.a(__printf_core.o)

.text.__fmt_fp  0x00000000000003f6      0x758
 .text.__fmt_fp
                0x00000000000003f6      0x758 c:/program files/microchip/xc8/v2.41/avr/bin/../lib/gcc/avr/5.4.0/../../../../avr/lib/avr5/memx-const\libc.a(__fmt_fp.o)
                0x00000000000003f6                __fmt_f_needed
                0x00000000000003f6                __fmt_fp

.text.Beta      0x0000000000000b4e      0x662
 .text.Beta     0x0000000000000b4e      0x662 build/default/production/BJT.o
                0x0000000000000b4e                Beta

.text.pines     0x00000000000011b0      0x604
 .text.pines    0x00000000000011b0      0x604 build/default/production/BJT.o
                0x00000000000011b0                pines

.text.canal_pines
                0x00000000000017b4      0x5ee
 .text.canal_pines
                0x00000000000017b4      0x5ee build/default/production/MOSFET.o
                0x00000000000017b4                canal_pines

.text.vfpfcnvrt
                0x0000000000001da2      0x4d8
 .text.vfpfcnvrt
                0x0000000000001da2      0x4d8 c:/program files/microchip/xc8/v2.41/avr/bin/../lib/gcc/avr/5.4.0/../../../../avr/lib/avr5/memx-const\libc.a(__printf_core.o)
                0x0000000000001da2                vfpfcnvrt

.text.draw_n    0x000000000000227a      0x398
 .text.draw_n   0x000000000000227a      0x398 build/default/production/MOSFET.o
                0x000000000000227a                draw_n

.text.draw_p    0x0000000000002612      0x398
 .text.draw_p   0x0000000000002612      0x398 build/default/production/MOSFET.o
                0x0000000000002612                draw_p

.text.draw_PNP  0x00000000000029aa      0x2e4
 .text.draw_PNP
                0x00000000000029aa      0x2e4 build/default/production/BJT.o
                0x00000000000029aa                draw_PNP

.text.draw_NPN  0x0000000000002c8e      0x2b4
 .text.draw_NPN
                0x0000000000002c8e      0x2b4 build/default/production/BJT.o
                0x0000000000002c8e                draw_NPN

.text.DIODO     0x0000000000002f42      0x2a6
 .text.DIODO    0x0000000000002f42      0x2a6 build/default/production/DIODO.o
                0x0000000000002f42                DIODO

.text.draw_DiodoSh
                0x00000000000031e8      0x280
 .text.draw_DiodoSh
                0x00000000000031e8      0x280 build/default/production/Dibujos.o
                0x00000000000031e8                draw_DiodoSh

.text.draw_DiodoLed
                0x0000000000003468      0x26c
 .text.draw_DiodoLed
                0x0000000000003468      0x26c build/default/production/Dibujos.o
                0x0000000000003468                draw_DiodoLed

.text.NPN_PNP   0x00000000000036d4      0x26a
 .text.NPN_PNP  0x00000000000036d4      0x26a build/default/production/BJT.o
                0x00000000000036d4                NPN_PNP

.text.PRUEBA_BJT
                0x000000000000393e      0x266
 .text.PRUEBA_BJT
                0x000000000000393e      0x266 build/default/production/main.o
                0x000000000000393e                PRUEBA_BJT

.text.draw_DiodoZe
                0x0000000000003ba4      0x244
 .text.draw_DiodoZe
                0x0000000000003ba4      0x244 build/default/production/Dibujos.o
                0x0000000000003ba4                draw_DiodoZe

.text.draw_DiodoSi
                0x0000000000003de8      0x208
 .text.draw_DiodoSi
                0x0000000000003de8      0x208 build/default/production/Dibujos.o
                0x0000000000003de8                draw_DiodoSi

.text.draw_DiodoGe
                0x0000000000003ff0      0x208
 .text.draw_DiodoGe
                0x0000000000003ff0      0x208 build/default/production/Dibujos.o
                0x0000000000003ff0                draw_DiodoGe

.text.__fmt_x   0x00000000000041f8      0x1da
 .text.__fmt_x  0x00000000000041f8      0x1da c:/program files/microchip/xc8/v2.41/avr/bin/../lib/gcc/avr/5.4.0/../../../../avr/lib/avr5/memx-const\libc.a(__fmt_x.o)
                0x00000000000041f8                __fmt_x_needed
                0x00000000000041f8                __fmt_x

.text.F_Z       0x00000000000043d2      0x1ac
 .text.F_Z      0x00000000000043d2      0x1ac build/default/production/DIODO.o
                0x00000000000043d2                F_Z

.text.res_draw  0x000000000000457e      0x1a8
 .text.res_draw
                0x000000000000457e      0x1a8 build/default/production/res.o
                0x000000000000457e                res_draw

.text.Zenner    0x0000000000004726      0x198
 .text.Zenner   0x0000000000004726      0x198 build/default/production/DIODO.o
                0x0000000000004726                Zenner

.text.resistencia
                0x00000000000048be      0x168
 .text.resistencia
                0x00000000000048be      0x168 build/default/production/res.o
                0x00000000000048be                resistencia

.text.nokia_lcd_write_char
                0x0000000000004a26      0x164
 .text.nokia_lcd_write_char
                0x0000000000004a26      0x164 build/default/production/NOKIA.o
                0x0000000000004a26                nokia_lcd_write_char

.text.floorf    0x0000000000004b8a      0x132
 .text.floorf   0x0000000000004b8a      0x132 c:/program files/microchip/xc8/v2.41/avr/bin/../lib/gcc/avr/5.4.0/../../../../avr/lib/avr5/memx-const\libm.a(floorf.o)
                0x0000000000004b8a                floorf

.text.PRUEBA_ZENNER
                0x0000000000004cbc       0xf6
 .text.PRUEBA_ZENNER
                0x0000000000004cbc       0xf6 build/default/production/main.o
                0x0000000000004cbc                PRUEBA_ZENNER

.text.__fmt_d   0x0000000000004db2       0xe6
 .text.__fmt_d  0x0000000000004db2       0xe6 c:/program files/microchip/xc8/v2.41/avr/bin/../lib/gcc/avr/5.4.0/../../../../avr/lib/avr5/memx-const\libc.a(__fmt_d.o)
                0x0000000000004db2                __fmt_d
                0x0000000000004db2                __fmt_d_needed

.text           0x0000000000004e98       0xde
 .text          0x0000000000004e98       0xde c:/program files/microchip/xc8/v2.41/avr/bin/../lib/gcc/avr/5.4.0/../../../../avr/lib/avr5/memx-const\libm.a(divsf3x.o)
                0x0000000000004e98                __divsf3x
                0x0000000000004ec0                __divsf3_pse

.text.__pop_int
                0x0000000000004f76       0xda
 .text.__pop_int
                0x0000000000004f76       0xda c:/program files/microchip/xc8/v2.41/avr/bin/../lib/gcc/avr/5.4.0/../../../../avr/lib/avr5/memx-const\libc.a(__pop_int.o)
                0x0000000000004f76                __pop_int_needed
                0x0000000000004f76                __pop_int

.text           0x0000000000005050       0xd4
 .text          0x0000000000005050       0xd4 c:/program files/microchip/xc8/v2.41/avr/bin/../lib/gcc/avr/5.4.0/../../../../avr/lib/avr5/memx-const\libm.a(mulsf3x.o)
                0x0000000000005050                __mulsf3x
                0x0000000000005076                __mulsf3_pse

.text           0x0000000000005124       0xce
 .text          0x0000000000005124       0xce c:/program files/microchip/xc8/v2.41/avr/bin/../lib/gcc/avr/5.4.0/../../../../avr/lib/avr5/memx-const\libm.a(addsf3x.o)
                0x0000000000005124                __addsf3x

.text.__cvt_u   0x00000000000051f2       0xca
 .text.__cvt_u  0x00000000000051f2       0xca c:/program files/microchip/xc8/v2.41/avr/bin/../lib/gcc/avr/5.4.0/../../../../avr/lib/avr5/memx-const\libc.a(__fmt_u.o)
                0x00000000000051f2                __cvt_u

.text.__fmt_o   0x00000000000052bc       0xb4
 .text.__fmt_o  0x00000000000052bc       0xb4 c:/program files/microchip/xc8/v2.41/avr/bin/../lib/gcc/avr/5.4.0/../../../../avr/lib/avr5/memx-const\libc.a(__fmt_o.o)
                0x00000000000052bc                __fmt_o
                0x00000000000052bc                __fmt_o_needed

.text.PRUEBA_DIODOS
                0x0000000000005370       0xac
 .text.PRUEBA_DIODOS
                0x0000000000005370       0xac build/default/production/main.o
                0x0000000000005370                PRUEBA_DIODOS

.text.__vsnprintf
                0x000000000000541c       0xa4
 .text.__vsnprintf
                0x000000000000541c       0xa4 c:/program files/microchip/xc8/v2.41/avr/bin/../lib/gcc/avr/5.4.0/../../../../avr/lib/avr5/memx-const\libc.a(__int_vsnprintf.o)
                0x000000000000541c                __vsnprintf

.text.__fmt_state
                0x00000000000054c0       0x9e
 .text.__fmt_state
                0x00000000000054c0       0x9e c:/program files/microchip/xc8/v2.41/avr/bin/../lib/gcc/avr/5.4.0/../../../../avr/lib/avr5/memx-const\libc.a(__printf_core.o)
                0x00000000000054c0                __fmt_state

.text.__pad     0x000000000000555e       0x96
 .text.__pad    0x000000000000555e       0x96 c:/program files/microchip/xc8/v2.41/avr/bin/../lib/gcc/avr/5.4.0/../../../../avr/lib/avr5/memx-const\libc.a(__printf_core.o)
                0x000000000000555e                __pad

.text.__printf_core
                0x00000000000055f4       0x94
 .text.__printf_core
                0x00000000000055f4       0x94 c:/program files/microchip/xc8/v2.41/avr/bin/../lib/gcc/avr/5.4.0/../../../../avr/lib/avr5/memx-const\libc.a(__printf_core.o)
                0x00000000000055f4                __printf_core

.text.fputc     0x0000000000005688       0x92
 .text.fputc    0x0000000000005688       0x92 c:/program files/microchip/xc8/v2.41/avr/bin/../lib/gcc/avr/5.4.0/../../../../avr/lib/avr5/memx-const\libc.a(fputc.o)
                0x0000000000005688                fputc
                0x0000000000005688                putc

.text.__fmt_u   0x000000000000571a       0x90
 .text.__fmt_u  0x000000000000571a       0x90 c:/program files/microchip/xc8/v2.41/avr/bin/../lib/gcc/avr/5.4.0/../../../../avr/lib/avr5/memx-const\libc.a(__fmt_u.o)
                0x000000000000571a                __fmt_u_needed
                0x000000000000571a                __fmt_u

.text.nokia_lcd_init
                0x00000000000057aa       0x82
 .text.nokia_lcd_init
                0x00000000000057aa       0x82 build/default/production/NOKIA.o
                0x00000000000057aa                nokia_lcd_init

.text.imprimir_f
                0x000000000000582c       0x7a
 .text.imprimir_f
                0x000000000000582c       0x7a build/default/production/DIODO.o
                0x000000000000582c                imprimir_f

.text           0x00000000000058a6       0x7a
 .text          0x00000000000058a6       0x7a c:/program files/microchip/xc8/v2.41/avr/bin/../lib/gcc/avr/5.4.0/../../../../avr/lib/avr5/memx-const\libm.a(floatsisf.o)
                0x00000000000058a6                __floatunsisf
                0x00000000000058aa                __floatsisf

.text.__fmt_s   0x0000000000005920       0x7a
 .text.__fmt_s  0x0000000000005920       0x7a c:/program files/microchip/xc8/v2.41/avr/bin/../lib/gcc/avr/5.4.0/../../../../avr/lib/avr5/memx-const\libc.a(__fmt_s.o)
                0x0000000000005920                __fmt_s
                0x0000000000005920                __fmt_0_needed
                0x0000000000005920                __fmt_s_needed

.text.imprimir_d
                0x000000000000599a       0x78
 .text.imprimir_d
                0x000000000000599a       0x78 build/default/production/DIODO.o
                0x000000000000599a                imprimir_d

.text.read_prec_or_width
                0x0000000000005a12       0x78
 .text.read_prec_or_width
                0x0000000000005a12       0x78 c:/program files/microchip/xc8/v2.41/avr/bin/../lib/gcc/avr/5.4.0/../../../../avr/lib/avr5/memx-const\libc.a(__printf_core.o)

.text.__out     0x0000000000005a8a       0x68
 .text.__out    0x0000000000005a8a       0x68 c:/program files/microchip/xc8/v2.41/avr/bin/../lib/gcc/avr/5.4.0/../../../../avr/lib/avr5/memx-const\libc.a(__printf_core.o)
                0x0000000000005a8a                __out

.text.PRUEBAS   0x0000000000005af2       0x5e
 .text.PRUEBAS  0x0000000000005af2       0x5e build/default/production/main.o
                0x0000000000005af2                PRUEBAS

.text           0x0000000000005b50       0x5e
 .text          0x0000000000005b50       0x5e c:/program files/microchip/xc8/v2.41/avr/bin/../lib/gcc/avr/5.4.0/../../../../avr/lib/avr5/memx-const\libm.a(fixunssfsi.o)
                0x0000000000005b50                __fixunssfsi

.text.nokia_lcd_set_pixel
                0x0000000000005bae       0x56
 .text.nokia_lcd_set_pixel
                0x0000000000005bae       0x56 build/default/production/NOKIA.o
                0x0000000000005bae                nokia_lcd_set_pixel

.text.PRUEBA_MOSFET
                0x0000000000005c04       0x52
 .text.PRUEBA_MOSFET
                0x0000000000005c04       0x52 build/default/production/main.o
                0x0000000000005c04                PRUEBA_MOSFET

.text.Polaridad3
                0x0000000000005c56       0x50
 .text.Polaridad3
                0x0000000000005c56       0x50 build/default/production/main.o
                0x0000000000005c56                Polaridad3

.text.Polaridad2
                0x0000000000005ca6       0x50
 .text.Polaridad2
                0x0000000000005ca6       0x50 build/default/production/main.o
                0x0000000000005ca6                Polaridad2

.text.main      0x0000000000005cf6       0x4a
 .text.main     0x0000000000005cf6       0x4a build/default/production/main.o
                0x0000000000005cf6                main

.text           0x0000000000005d40       0x48
 .text          0x0000000000005d40       0x48 c:/program files/microchip/xc8/v2.41/avr/bin/../lib/gcc/avr/5.4.0/../../../../avr/lib/avr5/memx-const\libm.a(fp_cmp.o)
                0x0000000000005d40                __fp_cmp

.text.Polaridad4
                0x0000000000005d88       0x44
 .text.Polaridad4
                0x0000000000005d88       0x44 build/default/production/main.o
                0x0000000000005d88                Polaridad4

.text           0x0000000000005dcc       0x44
 .text          0x0000000000005dcc       0x44 c:/program files/microchip/xc8/v2.41/avr/bin/../lib/gcc/avr/5.4.0/../../../../avr/lib/avr5/memx-const\libm.a(fp_split3.o)
                0x0000000000005dcc                __fp_split3
                0x0000000000005ddc                __fp_splitA

.text.libgcc.div
                0x0000000000005e10       0x44
 .text.libgcc.div
                0x0000000000005e10       0x44 c:/program files/microchip/xc8/v2.41/avr/bin/../lib/gcc/avr/5.4.0/avr5/memx-const\libgcc.a(_udivmodsi4.o)
                0x0000000000005e10                __udivmodsi4

.text.__pop_float
                0x0000000000005e54       0x40
 .text.__pop_float
                0x0000000000005e54       0x40 c:/program files/microchip/xc8/v2.41/avr/bin/../lib/gcc/avr/5.4.0/../../../../avr/lib/avr5/memx-const\libc.a(__pop_float.o)
                0x0000000000005e54                __pop_float_needed
                0x0000000000005e54                __pop_float

.text.nokia_lcd_write_string
                0x0000000000005e94       0x3e
 .text.nokia_lcd_write_string
                0x0000000000005e94       0x3e build/default/production/NOKIA.o
                0x0000000000005e94                nokia_lcd_write_string

.text.write     0x0000000000005ed2       0x3c
 .text.write    0x0000000000005ed2       0x3c build/default/production/NOKIA.o

.text.__vector_7
                0x0000000000005f0e       0x38
 .text.__vector_7
                0x0000000000005f0e       0x38 build/default/production/main.o
                0x0000000000005f0e                __vector_7

.text.libgcc.prologue
                0x0000000000005f46       0x38
 .text.libgcc.prologue
                0x0000000000005f46       0x38 c:/program files/microchip/xc8/v2.41/avr/bin/../lib/gcc/avr/5.4.0/avr5/memx-const\libgcc.a(_prologue.o)
                0x0000000000005f46                __prologue_saves__

.text.libgcc.prologue
                0x0000000000005f7e       0x36
 .text.libgcc.prologue
                0x0000000000005f7e       0x36 c:/program files/microchip/xc8/v2.41/avr/bin/../lib/gcc/avr/5.4.0/avr5/memx-const\libgcc.a(_epilogue.o)
                0x0000000000005f7e                __epilogue_restores__

.text.nokia_lcd_render
                0x0000000000005fb4       0x34
 .text.nokia_lcd_render
                0x0000000000005fb4       0x34 build/default/production/NOKIA.o
                0x0000000000005fb4                nokia_lcd_render

.text.__vfprintf
                0x0000000000005fe8       0x30
 .text.__vfprintf
                0x0000000000005fe8       0x30 c:/program files/microchip/xc8/v2.41/avr/bin/../lib/gcc/avr/5.4.0/../../../../avr/lib/avr5/memx-const\libc.a(__int_vfprintf.o)
                0x0000000000005fe8                __vfprintf

.text.strlen    0x0000000000006018       0x2c
 .text.strlen   0x0000000000006018       0x2c c:/program files/microchip/xc8/v2.41/avr/bin/../lib/gcc/avr/5.4.0/../../../../avr/lib/avr5/memx-const\libc.a(strlen.o)
                0x0000000000006018                strlen

.text.ADC_read  0x0000000000006044       0x28
 .text.ADC_read
                0x0000000000006044       0x28 build/default/production/ADC.o
                0x0000000000006044                ADC_read

.text.ADC_leer  0x000000000000606c       0x28
 .text.ADC_leer
                0x000000000000606c       0x28 build/default/production/DIODO.o
                0x000000000000606c                ADC_leer

.text.F1_D      0x0000000000006094       0x28
 .text.F1_D     0x0000000000006094       0x28 build/default/production/DIODO.o
                0x0000000000006094                F1_D

.text.F2_D      0x00000000000060bc       0x28
 .text.F2_D     0x00000000000060bc       0x28 build/default/production/DIODO.o
                0x00000000000060bc                F2_D

.text.libgcc.div
                0x00000000000060e4       0x28
 .text.libgcc.div
                0x00000000000060e4       0x28 c:/program files/microchip/xc8/v2.41/avr/bin/../lib/gcc/avr/5.4.0/avr5/memx-const\libgcc.a(_divmodhi4.o)
                0x00000000000060e4                _div
                0x00000000000060e4                __divmodhi4

.text.libgcc.div
                0x000000000000610c       0x28
 .text.libgcc.div
                0x000000000000610c       0x28 c:/program files/microchip/xc8/v2.41/avr/bin/../lib/gcc/avr/5.4.0/avr5/memx-const\libgcc.a(_udivmodhi4.o)
                0x000000000000610c                __udivmodhi4

.text.nokia_lcd_clear
                0x0000000000006134       0x26
 .text.nokia_lcd_clear
                0x0000000000006134       0x26 build/default/production/NOKIA.o
                0x0000000000006134                nokia_lcd_clear

.text.__wrap_sprintf
                0x000000000000615a       0x26
 .text.__wrap_sprintf
                0x000000000000615a       0x26 c:/program files/microchip/xc8/v2.41/avr/bin/../lib/gcc/avr/5.4.0/../../../../avr/lib/avr5/memx-const\libc.a(__sio_sprintf_dfoux.o)
                0x000000000000615a                _sprintf_cdeEopuxX
                0x000000000000615a                _sprintf_cdeEfFopuxX
                0x000000000000615a                _sprintf_cdfFgGopuxX
                0x000000000000615a                _sprintf_cdgGopuxX
                0x000000000000615a                _sprintf_cdeEfFgGopuxX
                0x000000000000615a                _sprintf_cdfFopuxX
                0x000000000000615a                _sprintf_cdeEgGopuxX

.text.__wrap_sprintf
                0x0000000000006180       0x26
 .text.__wrap_sprintf
                0x0000000000006180       0x26 c:/program files/microchip/xc8/v2.41/avr/bin/../lib/gcc/avr/5.4.0/../../../../avr/lib/avr5/memx-const\libc.a(__sio_sprintf_f.o)
                0x0000000000006180                _sprintf_fFgG
                0x0000000000006180                _sprintf_eEfF
                0x0000000000006180                _sprintf_eEgG
                0x0000000000006180                _sprintf_eE
                0x0000000000006180                _sprintf_gG
                0x0000000000006180                _sprintf_fF
                0x0000000000006180                _sprintf_eEfFgG

.text           0x00000000000061a6       0x22
 .text          0x00000000000061a6       0x22 c:/program files/microchip/xc8/v2.41/avr/bin/../lib/gcc/avr/5.4.0/../../../../avr/lib/avr5/memx-const\libm.a(fp_round.o)
                0x00000000000061a6                __fp_round

.text.strcpy    0x00000000000061c8       0x1c
 .text.strcpy   0x00000000000061c8       0x1c c:/program files/microchip/xc8/v2.41/avr/bin/../lib/gcc/avr/5.4.0/../../../../avr/lib/avr5/memx-const\libc.a(strcpy.o)
                0x00000000000061c8                strcpy

.text.libgcc.div
                0x00000000000061e4       0x18
 .text.libgcc.div
                0x00000000000061e4       0x18 c:/program files/microchip/xc8/v2.41/avr/bin/../lib/gcc/avr/5.4.0/avr5/memx-const\libgcc.a(_udivmodqi4.o)
                0x00000000000061e4                __udivmodqi4

.text.__vsprintf
                0x00000000000061fc       0x18
 .text.__vsprintf
                0x00000000000061fc       0x18 c:/program files/microchip/xc8/v2.41/avr/bin/../lib/gcc/avr/5.4.0/../../../../avr/lib/avr5/memx-const\libc.a(__int_vsprintf.o)
                0x00000000000061fc                __vsprintf

.text.exit      0x0000000000006214       0x16
 .text.exit     0x0000000000006214       0x16 c:/program files/microchip/xc8/v2.41/avr/bin/../lib/gcc/avr/5.4.0/../../../../avr/lib/avr5/memx-const\libc.a(exit.o)
                0x0000000000006214                exit

.text.ADC_init  0x000000000000622a       0x14
 .text.ADC_init
                0x000000000000622a       0x14 build/default/production/ADC.o
                0x000000000000622a                ADC_init

.text.memset    0x000000000000623e       0x12
 .text.memset   0x000000000000623e       0x12 c:/program files/microchip/xc8/v2.41/avr/bin/../lib/gcc/avr/5.4.0/../../../../avr/lib/avr5/memx-const\libc.a(memset.o)
                0x000000000000623e                memset

.text.toupper   0x0000000000006250       0x12
 .text.toupper  0x0000000000006250       0x12 c:/program files/microchip/xc8/v2.41/avr/bin/../lib/gcc/avr/5.4.0/../../../../avr/lib/avr5/memx-const\libc.a(toupper.o)
                0x0000000000006250                toupper

.text.tolower   0x0000000000006262       0x10
 .text.tolower  0x0000000000006262       0x10 c:/program files/microchip/xc8/v2.41/avr/bin/../lib/gcc/avr/5.4.0/../../../../avr/lib/avr5/memx-const\libc.a(tolower.o)
                0x0000000000006262                tolower

.text           0x0000000000006272        0xe
 .text          0x0000000000006272        0xe c:/program files/microchip/xc8/v2.41/avr/bin/../lib/gcc/avr/5.4.0/../../../../avr/lib/avr5/memx-const\libm.a(addsf3.o)
                0x0000000000006272                __subsf3
                0x0000000000006274                __addsf3

.text           0x0000000000006280        0xe
 .text          0x0000000000006280        0xe c:/program files/microchip/xc8/v2.41/avr/bin/../lib/gcc/avr/5.4.0/../../../../avr/lib/avr5/memx-const\libm.a(fp_pscA.o)
                0x0000000000006280                __fp_pscA

.text           0x000000000000628e        0xe
 .text          0x000000000000628e        0xe c:/program files/microchip/xc8/v2.41/avr/bin/../lib/gcc/avr/5.4.0/../../../../avr/lib/avr5/memx-const\libm.a(fp_pscB.o)
                0x000000000000628e                __fp_pscB

.text           0x000000000000629c        0xe
 .text          0x000000000000629c        0xe c:/program files/microchip/xc8/v2.41/avr/bin/../lib/gcc/avr/5.4.0/../../../../avr/lib/avr5/memx-const\libm.a(fp_zero.o)
                0x000000000000629c                __fp_zero
                0x000000000000629e                __fp_szero

.text           0x00000000000062aa        0xe
 .text          0x00000000000062aa        0xe c:/program files/microchip/xc8/v2.41/avr/bin/../lib/gcc/avr/5.4.0/../../../../avr/lib/avr5/memx-const\libm.a(fixsfsi.o)
                0x00000000000062aa                __fixsfsi

.text           0x00000000000062b8        0xc
 .text          0x00000000000062b8        0xc c:/program files/microchip/xc8/v2.41/avr/bin/../lib/gcc/avr/5.4.0/../../../../avr/lib/avr5/memx-const\libm.a(fp_inf.o)
                0x00000000000062b8                __fp_inf

.text.nokia_lcd_set_cursor
                0x00000000000062c4        0xa
 .text.nokia_lcd_set_cursor
                0x00000000000062c4        0xa build/default/production/NOKIA.o
                0x00000000000062c4                nokia_lcd_set_cursor

.text           0x00000000000062ce        0xa
 .text          0x00000000000062ce        0xa c:/program files/microchip/xc8/v2.41/avr/bin/../lib/gcc/avr/5.4.0/../../../../avr/lib/avr5/memx-const\libm.a(cmpsf2.o)
                0x00000000000062ce                __nesf2
                0x00000000000062ce                __eqsf2
                0x00000000000062ce                __cmpsf2
                0x00000000000062ce                __ltsf2
                0x00000000000062ce                __lesf2

.text           0x00000000000062d8        0xa
 .text          0x00000000000062d8        0xa c:/program files/microchip/xc8/v2.41/avr/bin/../lib/gcc/avr/5.4.0/../../../../avr/lib/avr5/memx-const\libm.a(gesf2.o)
                0x00000000000062d8                __gesf2
                0x00000000000062d8                __gtsf2

.text.Polaridad1
                0x00000000000062e2        0x8
 .text.Polaridad1
                0x00000000000062e2        0x8 build/default/production/main.o
                0x00000000000062e2                Polaridad1

.text.write_cmd
                0x00000000000062ea        0x8
 .text.write_cmd
                0x00000000000062ea        0x8 build/default/production/NOKIA.o

.text           0x00000000000062f2        0x8
 .text          0x00000000000062f2        0x8 c:/program files/microchip/xc8/v2.41/avr/bin/../lib/gcc/avr/5.4.0/../../../../avr/lib/avr5/memx-const\libm.a(divsf3.o)
                0x00000000000062f2                __divsf3

.text           0x00000000000062fa        0x8
 .text          0x00000000000062fa        0x8 c:/program files/microchip/xc8/v2.41/avr/bin/../lib/gcc/avr/5.4.0/../../../../avr/lib/avr5/memx-const\libm.a(mulsf3.o)
                0x00000000000062fa                __mulsf3

.text           0x0000000000006302        0x6
 .text          0x0000000000006302        0x6 c:/program files/microchip/xc8/v2.41/avr/bin/../lib/gcc/avr/5.4.0/../../../../avr/lib/avr5/memx-const\libm.a(fp_nan.o)
                0x0000000000006302                __fp_nan

.text           0x0000000000006308        0x4
 .text          0x0000000000006308        0x4 C:/Program Files/Microchip/xc8/v2.41/dfp/xc8/avr/lib/avr5/memx-const/crtatmega32u4.o
                0x0000000000006308                __vector_38
                0x0000000000006308                __vector_22
                0x0000000000006308                __vector_28
                0x0000000000006308                __vector_1
                0x0000000000006308                __vector_32
                0x0000000000006308                __vector_34
                0x0000000000006308                __vector_24
                0x0000000000006308                __vector_12
                0x0000000000006308                __bad_interrupt
                0x0000000000006308                __vector_6
                0x0000000000006308                __vector_31
                0x0000000000006308                __vector_35
                0x0000000000006308                __vector_39
                0x0000000000006308                __vector_3
                0x0000000000006308                __vector_23
                0x0000000000006308                __vector_30
                0x0000000000006308                __vector_25
                0x0000000000006308                __vector_11
                0x0000000000006308                __vector_13
                0x0000000000006308                __vector_17
                0x0000000000006308                __vector_19
                0x0000000000006308                __vector_41
                0x0000000000006308                __vector_27
                0x0000000000006308                __vector_5
                0x0000000000006308                __vector_33
                0x0000000000006308                __vector_37
                0x0000000000006308                __vector_4
                0x0000000000006308                __vector_9
                0x0000000000006308                __vector_2
                0x0000000000006308                __vector_21
                0x0000000000006308                __vector_15
                0x0000000000006308                __vector_36
                0x0000000000006308                __vector_29
                0x0000000000006308                __vector_40
                0x0000000000006308                __vector_8
                0x0000000000006308                __vector_26
                0x0000000000006308                __vector_14
                0x0000000000006308                __vector_10
                0x0000000000006308                __vector_16
                0x0000000000006308                __vector_18
                0x0000000000006308                __vector_20
                0x0000000000006308                __vector_42

.text._Exit     0x000000000000630c        0x4
 .text._Exit    0x000000000000630c        0x4 c:/program files/microchip/xc8/v2.41/avr/bin/../lib/gcc/avr/5.4.0/../../../../avr/lib/avr5/memx-const\libc.a(_Exit.o)
                0x000000000000630c                _Exit

.text.__dummy_fini
                0x0000000000006310        0x2
 .text.__dummy_fini
                0x0000000000006310        0x2 c:/program files/microchip/xc8/v2.41/avr/bin/../lib/gcc/avr/5.4.0/../../../../avr/lib/avr5/memx-const\libc.a(exit.o)
                0x0000000000006310                _fini

.text.__dummy_funcs_on_exit
                0x0000000000006312        0x2
 .text.__dummy_funcs_on_exit
                0x0000000000006312        0x2 c:/program files/microchip/xc8/v2.41/avr/bin/../lib/gcc/avr/5.4.0/../../../../avr/lib/avr5/memx-const\libc.a(exit.o)
                0x0000000000006312                __funcs_on_exit

.text.__dummy_simulator_exit
                0x0000000000006314        0x2
 .text.__dummy_simulator_exit
                0x0000000000006314        0x2 c:/program files/microchip/xc8/v2.41/avr/bin/../lib/gcc/avr/5.4.0/../../../../avr/lib/avr5/memx-const\libc.a(exit.o)
                0x0000000000006314                __simulator_exit
